
> meme@0.1.0 build
> next build

Γû▓ Next.js 16.1.6 (Turbopack)

  Creating an optimized production build ...
node.exe : Error: 
Cannot apply unknown 
utility class 
`border-border`. Are 
you using CSS 
modules or similar 
and missing 
`@reference`? https:/
/tailwindcss.com/docs
/functions-and-direct
ives#reference-direct
ive
At line:1 char:1
+ & "C:\Program Files
\nodejs/node.exe" 
"C:\Program 
Files\nodejs/node_mo 
...
+ ~~~~~~~~~~~~~~~~~~~
~~~~~~~~~~~~~~~~~~~~~
~~~~~~~~~~~~~~~~~~~~~
~~~~~~~~
    + CategoryInfo   
           : NotSpe  
  cified: (Error:    
 Cannot a...rence    
-directive:Strin    
g) [], RemoteExc    
eption
    + FullyQualified 
   ErrorId : Native  
  CommandError
 
    [2m[at 
onInvalidCandidate (C
:\Users\jabes\OneDriv
e\Desktop\Saas\meme\n
ode_modules\tailwindc
ss\dist\lib.js:21:131
4)][0m
    [2m[at Te (C:\Us
ers\jabes\OneDrive\De
sktop\Saas\meme\node_
modules\tailwindcss\d
ist\lib.js:16:36652)]
[0m
    [2m[at C:\Users\
jabes\OneDrive\Deskto
p\Saas\meme\node_modu
les\tailwindcss\dist\
lib.js:21:355][0m
    [2m[at Rr (C:\Us
ers\jabes\OneDrive\De
sktop\Saas\meme\node_
modules\tailwindcss\d
ist\lib.js:3:1718)][
0m
    [2m[at _ (C:\Use
rs\jabes\OneDrive\Des
ktop\Saas\meme\node_m
odules\tailwindcss\di
st\lib.js:3:1377)][0
m
    [2m[at $e (C:\Us
ers\jabes\OneDrive\De
sktop\Saas\meme\node_
modules\tailwindcss\d
ist\lib.js:21:172)][
0m
    [2m[at un (C:\Us
ers\jabes\OneDrive\De
sktop\Saas\meme\node_
modules\tailwindcss\d
ist\lib.js:38:294)][
0m
    [2m[at process.p
rocessTicksAndRejecti
ons (node:internal/pr
ocess/task_queues:103
:5)][0m
    [2m[at async cn 
(C:\Users\jabes\OneDr
ive\Desktop\Saas\meme
\node_modules\tailwin
dcss\dist\lib.js:38:6
31)][0m
    [2m[at async Xr 
(C:\Users\jabes\OneDr
ive\Desktop\Saas\meme
\node_modules\@tailwi
ndcss\node\dist\index
.js:10:3417)][0m

> Build error 
occurred
Error: Turbopack 
build failed with 1 
errors:
./app/globals.css
Error evaluating 
Node.js code
CssSyntaxError: 
tailwindcss: C:\Users
\jabes\OneDrive\Deskt
op\Saas\meme\app\glob
als.css:1:1: Cannot 
apply unknown 
utility class 
`border-border`. Are 
you using CSS 
modules or similar 
and missing 
`@reference`? https:/
/tailwindcss.com/docs
/functions-and-direct
ives#reference-direct
ive
    at Input.error (n
ode_modules/postcss/l
ib/input.js:135:16) [
C:\Users\jabes\OneDri
ve\Desktop\Saas\meme\
.next\build\chunks\no
de_modules_fe693df6._
.js:4651:22]
    at Root.error (no
de_modules/postcss/li
b/node.js:146:32) [C:
\Users\jabes\OneDrive
\Desktop\Saas\meme\.n
ext\build\chunks\node
_modules_fe693df6._.j
s:928:38]
    [at Object.Once (
C:\Users\jabes\OneDri
ve\Desktop\Saas\meme\
node_modules\@tailwin
dcss\postcss\dist\ind
ex.js:10:6911)]
    [at process.proce
ssTicksAndRejections 
(node:internal/proces
s/task_queues:103:5)]
    at async 
LazyResult.runAsync (
node_modules/postcss/
lib/lazy-result.js:29
3:11) [C:\Users\jabes
\OneDrive\Desktop\Saa
s\meme\.next\build\ch
unks\node_modules_fe6
93df6._.js:6206:21]
    at async 
transform (turbopack:
///[turbopack-node]/t
ransforms/postcss.ts:
70:34) [C:\Users\jabe
s\OneDrive\Desktop\Sa
as\meme\.next\build\c
hunks\[root-of-the-se
rver]__51225daf._.js:
146:36]
    at async run (tur
bopack:///[turbopack-
node]/ipc/evaluate.ts
:92:23) [C:\Users\jab
es\OneDrive\Desktop\S
aas\meme\.next\build\
chunks\[root-of-the-s
erver]__974941ed._.js
:443:31]

Import trace:
  Client Component 
Browser:
    
./app/globals.css 
[Client Component 
Browser]
    ./app/layout.tsx 
[Server Component]


    at async 
transform (turbopack:
///[turbopack-node]/t
ransforms/postcss.ts:
70:34) [C:\Users\jabe
s\OneDrive\Desktop\Sa
as\meme\.next\build\c
hunks\[root-of-the-se
rver]__51225daf._.js:
146:36])
    at async run (tur
bopack:///[turbopack-
node]/ipc/evaluate.ts
:92:23) [C:\Users\jab
es\OneDrive\Desktop\S
aas\meme\.next\build\
chunks\[root-of-the-s
erver]__974941ed._.js
:443:31])
